
> ai-freedom-studios-api@1.0.0 build
> nest build

node.exe : [96msrc/video-workflow/video-workflow.controller.ts[0m:[93m42[0m:[93m7[0m - 
[91merror[0m[90m TS2322: [0mType 'string | undefined' is not assignable to type 'string'.
At C:\Program Files\nodejs\npm.ps1:29 char:3
+   & $NODE_EXE $NPM_CLI_JS $args
+   ~~~~~~~~~~~~~~~~~~~~~~~~~~~~~
    + CategoryInfo          : NotSpecified: ([96msrc/video-... type 'string'.:String) [], Remo 
   teException
    + FullyQualifiedErrorId : NativeCommandError
 
  Type 'undefined' is not assignable to type 'string'.

[7m42[0m       userId: user.sub || user.userId,
[7m  [0m [91m      ~~~~~~[0m

  [96msrc/video-workflow/video-workflow.service.ts[0m:[93m17[0m:[93m3[0m
    [7m17[0m   userId: string;
    [7m  [0m [96m  ~~~~~~[0m
    The expected type comes from property 'userId' which is declared here on type 
'CreateWorkflowDto'
[96msrc/video-workflow/video-workflow.controller.ts[0m:[93m54[0m:[93m55[0m - 
[91merror[0m[90m TS2345: [0mArgument of type 'string | undefined' is not assignable to 
parameter of type 'string'.
  Type 'undefined' is not assignable to type 'string'.

[7m54[0m     return this.videoWorkflowService.getUserWorkflows(user.sub || user.userId, 
campaignId);
[7m  [0m [91m                                                      
~~~~~~~~~~~~~~~~~~~~~~~[0m
[96msrc/video-workflow/video-workflow.controller.ts[0m:[93m62[0m:[93m62[0m - 
[91merror[0m[90m TS2345: [0mArgument of type 'string | undefined' is not assignable to 
parameter of type 'string'.
  Type 'undefined' is not assignable to type 'string'.

[7m62[0m     return this.videoWorkflowService.getWorkflow(workflowId, user.sub || 
user.userId);
[7m  [0m [91m                                                             
~~~~~~~~~~~~~~~~~~~~~~~[0m
[96msrc/video-workflow/video-workflow.controller.ts[0m:[93m74[0m:[93m63[0m - 
[91merror[0m[90m TS2345: [0mArgument of type 'string | undefined' is not assignable to 
parameter of type 'string'.
  Type 'undefined' is not assignable to type 'string'.

[7m74[0m     return this.videoWorkflowService.refinePrompt(workflowId, user.sub || 
user.userId, dto);
[7m  [0m [91m                                                              
~~~~~~~~~~~~~~~~~~~~~~~[0m
[96msrc/video-workflow/video-workflow.controller.ts[0m:[93m86[0m:[93m65[0m - 
[91merror[0m[90m TS2345: [0mArgument of type 'string | undefined' is not assignable to 
parameter of type 'string'.
  Type 'undefined' is not assignable to type 'string'.

[7m86[0m     return this.videoWorkflowService.generateFrames(workflowId, user.sub || 
user.userId, dto);
[7m  [0m [91m                                                                
~~~~~~~~~~~~~~~~~~~~~~~[0m
[96msrc/video-workflow/video-workflow.controller.ts[0m:[93m98[0m:[93m63[0m - 
[91merror[0m[90m TS2345: [0mArgument of type 'string | undefined' is not assignable to 
parameter of type 'string'.
  Type 'undefined' is not assignable to type 'string'.

[7m98[0m     return this.videoWorkflowService.reviewFrames(workflowId, user.sub || 
user.userId, dto);
[7m  [0m [91m                                                              
~~~~~~~~~~~~~~~~~~~~~~~[0m
[96msrc/video-workflow/video-workflow.controller.ts[0m:[93m112[0m:[93m7[0m - 
[91merror[0m[90m TS2345: [0mArgument of type 'string | undefined' is not assignable to 
parameter of type 'string'.
  Type 'undefined' is not assignable to type 'string'.

[7m112[0m       user.sub || user.userId,
[7m   [0m [91m      ~~~~~~~~~~~~~~~~~~~~~~~[0m
[96msrc/video-workflow/video-workflow.controller.ts[0m:[93m127[0m:[93m64[0m - 
[91merror[0m[90m TS2345: [0mArgument of type 'string | undefined' is not assignable to 
parameter of type 'string'.
  Type 'undefined' is not assignable to type 'string'.

[7m127[0m     return this.videoWorkflowService.generateVideo(workflowId, user.sub || 
user.userId, dto);
[7m   [0m [91m                                                               
~~~~~~~~~~~~~~~~~~~~~~~[0m
[96msrc/video-workflow/video-workflow.controller.ts[0m:[93m135[0m:[93m64[0m - 
[91merror[0m[90m TS2345: [0mArgument of type 'string | undefined' is not assignable to 
parameter of type 'string'.
  Type 'undefined' is not assignable to type 'string'.

[7m135[0m     await this.videoWorkflowService.deleteWorkflow(workflowId, user.sub || 
user.userId);
[7m   [0m [91m                                                               
~~~~~~~~~~~~~~~~~~~~~~~[0m

Found 9 error(s).

npm error Lifecycle script `build` failed with error:
npm error code 1
npm error path C:\Users\786\Desktop\Projects\AI Freedom Studios\api
npm error workspace ai-freedom-studios-api@1.0.0
npm error location C:\Users\786\Desktop\Projects\AI Freedom Studios\api
npm error command failed
npm error command C:\WINDOWS\system32\cmd.exe /d /s /c nest build
